// Jest Snapshot v1, https://goo.gl/fbAQLP

exports[`this is a sample test passes snapshot test 1`] = `
<div>
  <h1>
    Hello World
  </h1>
</div>
`;
